// Jest Snapshot v1, https://goo.gl/fbAQLP

exports[`Demo Renders correctly 1`] = `
<div
  className="demo"
>
  <div
    className="demo-spinners"
  >
    <svg
      className="progress-spinner"
      height="33%"
      viewBox="-25 -25 400 400"
      width="33%"
    >
      <circle
        className="progress-circle"
        cx={175}
        cy={175}
        r={175}
        strokeWidth={25}
      />
      <circle
        className="progress-bar"
        cx={175}
        cy={175}
        r={175}
        strokeDasharray={1100}
        strokeWidth={25}
        style={
          Object {
            "animationDuration": "2s",
            "animationPlayState": "paused",
            "strokeDashoffset": 1100,
            "transformOrigin": "175px 175px",
            "transition": "stroke-dashoffset 0.75s ease-out",
          }
        }
      />
      <text
        className="svg-counter"
        dominantBaseline="central"
        textAnchor="middle"
        x={175}
        y={175}
      >
        <tspan
          className="svg-counter-value"
        >
          0
        </tspan>
        <tspan
          className="svg-counter-sup"
          dx={6}
          dy={-14}
        >
          %
        </tspan>
      </text>
    </svg>
    <svg
      className="progress-spinner"
      height="33%"
      viewBox="-25 -25 300 300"
      width="33%"
    >
      <circle
        className="progress-circle"
        cx={125}
        cy={125}
        r={125}
        strokeWidth={25}
      />
      <circle
        className="progress-bar"
        cx={125}
        cy={125}
        r={125}
        strokeDasharray={785}
        strokeWidth={25}
        style={
          Object {
            "animationDuration": "1.5s",
            "animationPlayState": "paused",
            "strokeDashoffset": 785,
            "transformOrigin": "125px 125px",
            "transition": "stroke-dashoffset 0.5s ease-out",
          }
        }
      />
      <text
        className="svg-counter"
        dominantBaseline="central"
        textAnchor="middle"
        x={125}
        y={125}
      >
        <tspan
          className="svg-counter-value"
        >
          0
        </tspan>
        <tspan
          className="svg-counter-sup"
          dx={6}
          dy={-14}
        >
          %
        </tspan>
      </text>
    </svg>
    <svg
      className="progress-spinner"
      height="33%"
      viewBox="-40 -40 310 310"
      width="33%"
    >
      <circle
        className="progress-circle"
        cx={115}
        cy={115}
        r={115}
        strokeWidth={40}
      />
      <circle
        className="progress-bar"
        cx={115}
        cy={115}
        r={115}
        strokeDasharray={723}
        strokeWidth={40}
        style={
          Object {
            "animationDuration": "1.25s",
            "animationPlayState": "paused",
            "stroke": "#884499",
            "strokeDashoffset": 723,
            "strokeLinecap": "unset",
            "transformOrigin": "115px 115px",
            "transition": "stroke-dashoffset 0.5s ease-out",
          }
        }
      />
      <text
        className="svg-counter"
        dominantBaseline="central"
        textAnchor="middle"
        x={115}
        y={115}
      >
        <tspan
          className="svg-counter-value"
        >
          0
        </tspan>
        <tspan
          className="svg-counter-sup"
          dx={6}
          dy={-14}
        >
          %
        </tspan>
      </text>
    </svg>
    <svg
      className="progress-spinner"
      height={300}
      viewBox="-25 -25 650 650"
      width={300}
    >
      <circle
        className="progress-circle"
        cx={300}
        cy={300}
        r={300}
        strokeWidth={25}
      />
      <circle
        className="progress-bar"
        cx={300}
        cy={300}
        r={300}
        strokeDasharray={1885}
        strokeWidth={25}
        style={
          Object {
            "animationDuration": "4s",
            "animationPlayState": "paused",
            "strokeDashoffset": 1885,
            "transformOrigin": "300px 300px",
            "transition": "stroke-dashoffset 1.25s ease-out",
          }
        }
      />
      <text
        className="svg-counter"
        dominantBaseline="central"
        textAnchor="middle"
        x="47%"
        y="47%"
      >
        <tspan
          className="svg-counter-value"
        >
          0
        </tspan>
        <tspan
          className="svg-counter-sup"
          dx={6}
          dy={-14}
        >
          %
        </tspan>
      </text>
    </svg>
  </div>
  <div
    className="demo-buttons"
  >
    <button
      onClick={[Function]}
    >
      Start
    </button>
  </div>
</div>
`;
