// Jest Snapshot v1, https://goo.gl/fbAQLP

exports[`Spinner Renders correctly 1`] = `
<svg
  className="progress-spinner"
  height="100%"
  viewBox="-25 -25 400 400"
  width="100%"
>
  <circle
    className="progress-circle"
    cx={175}
    cy={175}
    r={175}
    strokeWidth={25}
  />
  <circle
    className="progress-bar"
    cx={175}
    cy={175}
    r={175}
    strokeDasharray={1100}
    strokeWidth={25}
    style={
      Object {
        "animationDuration": "2s",
        "animationPlayState": "paused",
        "strokeDashoffset": 495,
        "transformOrigin": "175px 175px",
        "transition": "stroke-dashoffset 1s ease-out",
      }
    }
  />
</svg>
`;
